- {"dt": "2023-03-17T14:18:09.607287", "lvl": "target", "msg": "[    0.000000] Linux version 6.3.0-rc2-00168-gf9efae954905 (tuxmake@tuxmake) (arm-linux-gnueabihf-gcc (Debian 12.2.0-14) 12.2.0, GNU ld (GNU Binutils for Debian) 2.40) #4 SMP @1679058357"}
- {"dt": "2023-03-17T14:18:09.607438", "lvl": "target", "msg": "[    0.000000] CPU: ARMv7 Processor [414fc0f0] revision 0 (ARMv7), cr=10c5387d"}
- {"dt": "2023-03-17T14:18:09.607558", "lvl": "target", "msg": "[    0.000000] CPU: div instructions available: patching division code"}
- {"dt": "2023-03-17T14:18:09.607673", "lvl": "target", "msg": "[    0.000000] CPU: PIPT / VIPT nonaliasing data cache, PIPT instruction cache"}
- {"dt": "2023-03-17T14:18:09.607787", "lvl": "target", "msg": "[    0.000000] OF: fdt: Machine model: linux,dummy-virt"}
- {"dt": "2023-03-17T14:18:09.607900", "lvl": "target", "msg": "[    0.000000] random: crng init done"}
- {"dt": "2023-03-17T14:18:09.608039", "lvl": "target", "msg": "[    0.000000] earlycon: pl11 at MMIO 0x09000000 (options '')"}
- {"dt": "2023-03-17T14:18:09.608158", "lvl": "target", "msg": "[    0.000000] printk: bootconsole [pl11] enabled"}
- {"dt": "2023-03-17T14:18:09.608273", "lvl": "target", "msg": "[    0.000000] Memory policy: Data cache writealloc"}
- {"dt": "2023-03-17T14:18:09.608389", "lvl": "target", "msg": "[    0.000000] efi: UEFI not found."}
- {"dt": "2023-03-17T14:18:09.608525", "lvl": "target", "msg": "[    0.000000] cma: Reserved 64 MiB at 0x5c000000"}
- {"dt": "2023-03-17T14:18:09.621039", "lvl": "target", "msg": "[    0.000000] Zone ranges:"}
- {"dt": "2023-03-17T14:18:09.621481", "lvl": "target", "msg": "[    0.000000]   DMA      [mem 0x0000000040000000-0x000000005fffffff]"}
- {"dt": "2023-03-17T14:18:09.621629", "lvl": "target", "msg": "[    0.000000]   Normal   empty"}
- {"dt": "2023-03-17T14:18:09.621777", "lvl": "target", "msg": "[    0.000000]   HighMem  empty"}
- {"dt": "2023-03-17T14:18:09.621896", "lvl": "target", "msg": "[    0.000000] Movable zone start for each node"}
- {"dt": "2023-03-17T14:18:09.622030", "lvl": "target", "msg": "[    0.000000] Early memory node ranges"}
- {"dt": "2023-03-17T14:18:09.622166", "lvl": "target", "msg": "[    0.000000]   node   0: [mem 0x0000000040000000-0x000000005fffffff]"}
- {"dt": "2023-03-17T14:18:09.622325", "lvl": "target", "msg": "[    0.000000] Initmem setup node 0 [mem 0x0000000040000000-0x000000005fffffff]"}
- {"dt": "2023-03-17T14:18:09.638480", "lvl": "target", "msg": "[    0.000000] psci: probing for conduit method from DT."}
- {"dt": "2023-03-17T14:18:09.638632", "lvl": "target", "msg": "[    0.000000] psci: PSCIv1.1 detected in firmware."}
- {"dt": "2023-03-17T14:18:09.638772", "lvl": "target", "msg": "[    0.000000] psci: Using standard PSCI v0.2 function IDs"}
- {"dt": "2023-03-17T14:18:09.638916", "lvl": "target", "msg": "[    0.000000] psci: Trusted OS migration not required"}
- {"dt": "2023-03-17T14:18:09.639051", "lvl": "target", "msg": "[    0.000000] psci: SMC Calling Convention v1.0"}
- {"dt": "2023-03-17T14:18:09.640859", "lvl": "target", "msg": "[    0.000000] percpu: Embedded 16 pages/cpu s35732 r8192 d21612 u65536"}
- {"dt": "2023-03-17T14:18:09.641460", "lvl": "target", "msg": "[    0.000000] pcpu-alloc: s35732 r8192 d21612 u65536 alloc=16*4096"}
- {"dt": "2023-03-17T14:18:09.641608", "lvl": "target", "msg": "[    0.000000] pcpu-alloc: [0] 0 "}
- {"dt": "2023-03-17T14:18:09.643335", "lvl": "target", "msg": "[    0.000000] Built 1 zonelists, mobility grouping on.  Total pages: 130048"}
- {"dt": "2023-03-17T14:18:09.643604", "lvl": "target", "msg": "[    0.000000] Kernel command line: console=ttyAMA0,115200 root=/dev/ram0 debug verbose console_msg_format=syslog earlycon"}
- {"dt": "2023-03-17T14:18:09.644572", "lvl": "target", "msg": "<5>[    0.000000] Unknown kernel command line parameters \\\"verbose\\\", will be passed to user space."}
- {"dt": "2023-03-17T14:18:09.645362", "lvl": "target", "msg": "<6>[    0.000000] Dentry cache hash table entries: 65536 (order: 6, 262144 bytes, linear)"}
- {"dt": "2023-03-17T14:18:09.645715", "lvl": "target", "msg": "<6>[    0.000000] Inode-cache hash table entries: 32768 (order: 5, 131072 bytes, linear)"}
- {"dt": "2023-03-17T14:18:09.645903", "lvl": "target", "msg": "<6>[    0.000000] mem auto-init: stack:all(zero), heap alloc:off, heap free:off"}
- {"dt": "2023-03-17T14:18:09.651610", "lvl": "target", "msg": "<6>[    0.000000] Memory: 417800K/524288K available (15360K kernel code, 2480K rwdata, 6268K rodata, 2048K init, 425K bss, 40952K reserved, 65536K cma-reserved, 0K highmem)"}
- {"dt": "2023-03-17T14:18:09.655191", "lvl": "target", "msg": "<6>[    0.000000] SLUB: HWalign=64, Order=0-3, MinObjects=0, CPUs=1, Nodes=1"}
- {"dt": "2023-03-17T14:18:09.658028", "lvl": "target", "msg": "<6>[    0.000000] trace event string verifier disabled"}
- {"dt": "2023-03-17T14:18:09.662051", "lvl": "target", "msg": "<6>[    0.000000] rcu: Hierarchical RCU implementation."}
- {"dt": "2023-03-17T14:18:09.662184", "lvl": "target", "msg": "<6>[    0.000000] rcu: \tRCU event tracing is enabled."}
- {"dt": "2023-03-17T14:18:09.662321", "lvl": "target", "msg": "<6>[    0.000000] rcu: \tRCU restricting CPUs from NR_CPUS=16 to nr_cpu_ids=1."}
- {"dt": "2023-03-17T14:18:09.662545", "lvl": "target", "msg": "<6>[    0.000000] rcu: RCU calculated value of scheduler-enlistment delay is 10 jiffies."}
- {"dt": "2023-03-17T14:18:09.662726", "lvl": "target", "msg": "<6>[    0.000000] rcu: Adjusting geometry for rcu_fanout_leaf=16, nr_cpu_ids=1"}
- {"dt": "2023-03-17T14:18:09.673054", "lvl": "target", "msg": "<6>[    0.000000] NR_IRQS: 16, nr_irqs: 16, preallocated irqs: 16"}
- {"dt": "2023-03-17T14:18:09.678959", "lvl": "target", "msg": "<6>[    0.000000] GICv3: 224 SPIs implemented"}
- {"dt": "2023-03-17T14:18:09.679092", "lvl": "target", "msg": "<6>[    0.000000] GICv3: 0 Extended SPIs implemented"}
- {"dt": "2023-03-17T14:18:09.680194", "lvl": "target", "msg": "<6>[    0.000000] GICv3: GICv3 features: 16 PPIs"}
- {"dt": "2023-03-17T14:18:09.680468", "lvl": "target", "msg": "<6>[    0.000000] GICv3: CPU0: found redistributor 0 region 0:0x080a0000"}
- {"dt": "2023-03-17T14:18:09.683410", "lvl": "target", "msg": "<6>[    0.000000] rcu: srcu_init: Setting srcu_struct sizes based on contention."}
- {"dt": "2023-03-17T14:18:09.697644", "lvl": "target", "msg": "<6>[    0.000000] arch_timer: cp15 timer(s) running at 62.50MHz (virt)."}
- {"dt": "2023-03-17T14:18:09.698081", "lvl": "target", "msg": "<6>[    0.000000] clocksource: arch_sys_counter: mask: 0x1ffffffffffffff max_cycles: 0x1cd42e208c, max_idle_ns: 881590405314 ns"}
- {"dt": "2023-03-17T14:18:09.698738", "lvl": "target", "msg": "<6>[    0.000123] sched_clock: 57 bits at 63MHz, resolution 16ns, wraps every 4398046511096ns"}
- {"dt": "2023-03-17T14:18:09.698904", "lvl": "target", "msg": "<6>[    0.000428] Switching to timer-based delay loop, resolution 16ns"}
- {"dt": "2023-03-17T14:18:09.703436", "lvl": "target", "msg": "<6>[    0.004757] Console: colour dummy device 80x30"}
- {"dt": "2023-03-17T14:18:09.704675", "lvl": "target", "msg": "<6>[    0.006010] Calibrating delay loop (skipped), value calculated using timer frequency.. 125.00 BogoMIPS (lpj=625000)"}
- {"dt": "2023-03-17T14:18:09.704854", "lvl": "target", "msg": "<6>[    0.006339] pid_max: default: 32768 minimum: 301"}
- {"dt": "2023-03-17T14:18:09.706380", "lvl": "target", "msg": "<6>[    0.007757] Mount-cache hash table entries: 1024 (order: 0, 4096 bytes, linear)"}
- {"dt": "2023-03-17T14:18:09.706542", "lvl": "target", "msg": "<6>[    0.007945] Mountpoint-cache hash table entries: 1024 (order: 0, 4096 bytes, linear)"}
- {"dt": "2023-03-17T14:18:09.718900", "lvl": "target", "msg": "<6>[    0.019324] CPU: Testing write buffer coherency: ok"}
- {"dt": "2023-03-17T14:18:09.719073", "lvl": "target", "msg": "<3>[    0.020433] CPU0: Spectre v2: firmware did not set auxiliary control register IBE bit, system vulnerable"}
- {"dt": "2023-03-17T14:18:09.719256", "lvl": "target", "msg": "<6>[    0.020746] CPU0: Spectre BHB: enabling loop workaround for all CPUs"}
- {"dt": "2023-03-17T14:18:09.727066", "lvl": "target", "msg": "<3>[    0.028230] /cpus/cpu@0 missing clock-frequency property"}
- {"dt": "2023-03-17T14:18:09.727241", "lvl": "target", "msg": "<6>[    0.028669] CPU0: thread -1, cpu 0, socket 0, mpidr 80000000"}
- {"dt": "2023-03-17T14:18:09.731596", "lvl": "target", "msg": "<6>[    0.032952] Setting up static identity map for 0x40300000 - 0x403000ac"}
- {"dt": "2023-03-17T14:18:09.733096", "lvl": "target", "msg": "<6>[    0.034493] rcu: Hierarchical SRCU implementation."}
- {"dt": "2023-03-17T14:18:09.733234", "lvl": "target", "msg": "<6>[    0.034632] rcu: \tMax phase no-delay instances is 1000."}
- {"dt": "2023-03-17T14:18:09.736072", "lvl": "target", "msg": "<6>[    0.037465] EFI services will not be available."}
- {"dt": "2023-03-17T14:18:09.736830", "lvl": "target", "msg": "<6>[    0.038226] smp: Bringing up secondary CPUs ..."}
- {"dt": "2023-03-17T14:18:09.736972", "lvl": "target", "msg": "<6>[    0.038396] smp: Brought up 1 node, 1 CPU"}
- {"dt": "2023-03-17T14:18:09.737111", "lvl": "target", "msg": "<6>[    0.038550] SMP: Total of 1 processors activated (125.00 BogoMIPS)."}
- {"dt": "2023-03-17T14:18:09.737250", "lvl": "target", "msg": "<6>[    0.038742] CPU: All CPU(s) started in SVC mode."}
- {"dt": "2023-03-17T14:18:09.744540", "lvl": "target", "msg": "<6>[    0.045925] devtmpfs: initialized"}
- {"dt": "2023-03-17T14:18:09.757972", "lvl": "target", "msg": "<6>[    0.055865] VFP support v0.3: implementor 41 architecture 4 part 30 variant f rev 0"}
- {"dt": "2023-03-17T14:18:09.766642", "lvl": "target", "msg": "<6>[    0.067941] clocksource: jiffies: mask: 0xffffffff max_cycles: 0xffffffff, max_idle_ns: 19112604462750000 ns"}
- {"dt": "2023-03-17T14:18:09.767112", "lvl": "target", "msg": "<6>[    0.068618] futex hash table entries: 256 (order: 2, 16384 bytes, linear)"}
- {"dt": "2023-03-17T14:18:09.772670", "lvl": "target", "msg": "<6>[    0.074069] pinctrl core: initialized pinctrl subsystem"}
- {"dt": "2023-03-17T14:18:09.785662", "lvl": "target", "msg": "<6>[    0.087041] DMI not present or invalid."}
- {"dt": "2023-03-17T14:18:09.793164", "lvl": "target", "msg": "<6>[    0.094557] NET: Registered PF_NETLINK/PF_ROUTE protocol family"}
- {"dt": "2023-03-17T14:18:09.810125", "lvl": "target", "msg": "<6>[    0.111314] DMA: preallocated 256 KiB pool for atomic coherent allocations"}
- {"dt": "2023-03-17T14:18:09.815478", "lvl": "target", "msg": "<6>[    0.116254] thermal_sys: Registered thermal governor 'step_wise'"}
- {"dt": "2023-03-17T14:18:09.815708", "lvl": "target", "msg": "<6>[    0.116808] cpuidle: using governor menu"}
- {"dt": "2023-03-17T14:18:09.816930", "lvl": "target", "msg": "<6>[    0.118304] No ATAGs?"}
- {"dt": "2023-03-17T14:18:09.817892", "lvl": "target", "msg": "<6>[    0.119206] hw-breakpoint: found 5 (+1 reserved) breakpoint and 4 watchpoint registers."}
- {"dt": "2023-03-17T14:18:09.818098", "lvl": "target", "msg": "<6>[    0.119409] hw-breakpoint: maximum watchpoint size is 8 bytes."}
- {"dt": "2023-03-17T14:18:09.822323", "lvl": "target", "msg": "<6>[    0.123650] Serial: AMBA PL011 UART driver"}
- {"dt": "2023-03-17T14:18:09.853228", "lvl": "target", "msg": "<6>[    0.154567] 9000000.pl011: ttyAMA0 at MMIO 0x9000000 (irq = 28, base_baud = 0) is a PL011 rev1"}
- {"dt": "2023-03-17T14:18:09.854814", "lvl": "target", "msg": "<6>[    0.156115] printk: console [ttyAMA0] enabled"}
- {"dt": "2023-03-17T14:18:09.854994", "lvl": "target", "msg": "<6>[    0.156115] printk: console [ttyAMA0] enabled"}
- {"dt": "2023-03-17T14:18:09.855144", "lvl": "target", "msg": "<6>[    0.156482] printk: bootconsole [pl11] disabled"}
- {"dt": "2023-03-17T14:18:09.855270", "lvl": "target", "msg": "<6>[    0.156482] printk: bootconsole [pl11] disabled"}
- {"dt": "2023-03-17T14:18:10.664747", "lvl": "target", "msg": "<6>[    0.966055] iommu: Default domain type: Translated "}
- {"dt": "2023-03-17T14:18:10.664966", "lvl": "target", "msg": "<6>[    0.966226] iommu: DMA domain TLB invalidation policy: strict mode "}
- {"dt": "2023-03-17T14:18:10.666957", "lvl": "target", "msg": "<5>[    0.968369] SCSI subsystem initialized"}
- {"dt": "2023-03-17T14:18:10.668739", "lvl": "target", "msg": "<7>[    0.970140] libata version 3.00 loaded."}
- {"dt": "2023-03-17T14:18:10.669719", "lvl": "target", "msg": "<6>[    0.971128] usbcore: registered new interface driver usbfs"}
- {"dt": "2023-03-17T14:18:10.669875", "lvl": "target", "msg": "<6>[    0.971417] usbcore: registered new interface driver hub"}
- {"dt": "2023-03-17T14:18:10.670205", "lvl": "target", "msg": "<6>[    0.971722] usbcore: registered new device driver usb"}
- {"dt": "2023-03-17T14:18:10.672296", "lvl": "target", "msg": "<6>[    0.973710] pps_core: LinuxPPS API ver. 1 registered"}
- {"dt": "2023-03-17T14:18:10.672416", "lvl": "target", "msg": "<6>[    0.973826] pps_core: Software ver. 5.3.6 - Copyright 2005-2007 Rodolfo Giometti <giometti@linux.it>"}
- {"dt": "2023-03-17T14:18:10.672534", "lvl": "target", "msg": "<6>[    0.974095] PTP clock support registered"}
- {"dt": "2023-03-17T14:18:10.673211", "lvl": "target", "msg": "<6>[    0.974632] EDAC MC: Ver: 3.0.0"}
- {"dt": "2023-03-17T14:18:10.674969", "lvl": "target", "msg": "<6>[    0.976378] scmi_core: SCMI protocol bus registered"}
- {"dt": "2023-03-17T14:18:10.685104", "lvl": "target", "msg": "<6>[    0.986506] vgaarb: loaded"}
- {"dt": "2023-03-17T14:18:10.690435", "lvl": "target", "msg": "<6>[    0.991832] clocksource: Switched to clocksource arch_sys_counter"}
- {"dt": "2023-03-17T14:18:10.744306", "lvl": "target", "msg": "<6>[    1.045694] NET: Registered PF_INET protocol family"}
- {"dt": "2023-03-17T14:18:10.745486", "lvl": "target", "msg": "<6>[    1.046892] IP idents hash table entries: 8192 (order: 4, 65536 bytes, linear)"}
- {"dt": "2023-03-17T14:18:10.749693", "lvl": "target", "msg": "<6>[    1.051087] tcp_listen_portaddr_hash hash table entries: 512 (order: 0, 4096 bytes, linear)"}
- {"dt": "2023-03-17T14:18:10.749822", "lvl": "target", "msg": "<6>[    1.051305] Table-perturb hash table entries: 65536 (order: 6, 262144 bytes, linear)"}
- {"dt": "2023-03-17T14:18:10.750072", "lvl": "target", "msg": "<6>[    1.051569] TCP established hash table entries: 4096 (order: 2, 16384 bytes, linear)"}
- {"dt": "2023-03-17T14:18:10.750432", "lvl": "target", "msg": "<6>[    1.051967] TCP bind hash table entries: 4096 (order: 4, 65536 bytes, linear)"}
- {"dt": "2023-03-17T14:18:10.750821", "lvl": "target", "msg": "<6>[    1.052356] TCP: Hash tables configured (established 4096 bind 4096)"}
- {"dt": "2023-03-17T14:18:10.752139", "lvl": "target", "msg": "<6>[    1.053547] UDP hash table entries: 256 (order: 1, 8192 bytes, linear)"}
- {"dt": "2023-03-17T14:18:10.752326", "lvl": "target", "msg": "<6>[    1.053830] UDP-Lite hash table entries: 256 (order: 1, 8192 bytes, linear)"}
- {"dt": "2023-03-17T14:18:10.753403", "lvl": "target", "msg": "<6>[    1.054817] NET: Registered PF_UNIX/PF_LOCAL protocol family"}
- {"dt": "2023-03-17T14:18:10.755536", "lvl": "target", "msg": "<6>[    1.056940] RPC: Registered named UNIX socket transport module."}
- {"dt": "2023-03-17T14:18:10.755641", "lvl": "target", "msg": "<6>[    1.057091] RPC: Registered udp transport module."}
- {"dt": "2023-03-17T14:18:10.755748", "lvl": "target", "msg": "<6>[    1.057210] RPC: Registered tcp transport module."}
- {"dt": "2023-03-17T14:18:10.755853", "lvl": "target", "msg": "<6>[    1.057348] RPC: Registered tcp NFSv4.1 backchannel transport module."}
- {"dt": "2023-03-17T14:18:10.756044", "lvl": "target", "msg": "<6>[    1.057606] PCI: CLS 0 bytes, default 64"}
- {"dt": "2023-03-17T14:18:10.758590", "lvl": "target", "msg": "<5>[    1.060003] Initialise system trusted keyrings"}
- {"dt": "2023-03-17T14:18:10.762985", "lvl": "target", "msg": "<6>[    1.064386] Trying to unpack rootfs image as initramfs..."}
- {"dt": "2023-03-17T14:18:10.771121", "lvl": "target", "msg": "<6>[    1.072518] workingset: timestamp_bits=30 max_order=17 bucket_order=0"}
- {"dt": "2023-03-17T14:18:10.772617", "lvl": "target", "msg": "<6>[    1.074034] squashfs: version 4.0 (2009/01/31) Phillip Lougher"}
- {"dt": "2023-03-17T14:18:10.774196", "lvl": "target", "msg": "<5>[    1.075607] NFS: Registering the id_resolver key type"}
- {"dt": "2023-03-17T14:18:10.774531", "lvl": "target", "msg": "<5>[    1.075977] Key type id_resolver registered"}
- {"dt": "2023-03-17T14:18:10.774633", "lvl": "target", "msg": "<5>[    1.076093] Key type id_legacy registered"}
- {"dt": "2023-03-17T14:18:10.774957", "lvl": "target", "msg": "<6>[    1.076449] nfs4filelayout_init: NFSv4 File Layout Driver Registering..."}
- {"dt": "2023-03-17T14:18:10.775147", "lvl": "target", "msg": "<6>[    1.076642] nfs4flexfilelayout_init: NFSv4 Flexfile Layout Driver Registering..."}
- {"dt": "2023-03-17T14:18:10.775536", "lvl": "target", "msg": "<6>[    1.077105] ntfs: driver 2.1.32 [Flags: R/O]."}
- {"dt": "2023-03-17T14:18:10.779940", "lvl": "target", "msg": "<5>[    1.081342] Key type asymmetric registered"}
- {"dt": "2023-03-17T14:18:10.780047", "lvl": "target", "msg": "<5>[    1.081483] Asymmetric key parser 'x509' registered"}
- {"dt": "2023-03-17T14:18:10.780372", "lvl": "target", "msg": "<6>[    1.081844] Block layer SCSI generic (bsg) driver version 0.4 loaded (major 247)"}
- {"dt": "2023-03-17T14:18:10.780563", "lvl": "target", "msg": "<6>[    1.082103] io scheduler mq-deadline registered"}
- {"dt": "2023-03-17T14:18:10.780744", "lvl": "target", "msg": "<6>[    1.082313] io scheduler kyber registered"}
- {"dt": "2023-03-17T14:18:10.781070", "lvl": "target", "msg": "<6>[    1.082548] io scheduler bfq registered"}
- {"dt": "2023-03-17T14:18:10.819878", "lvl": "target", "msg": "<6>[    1.121161] pl061_gpio 9030000.pl061: PL061 GPIO chip registered"}
- {"dt": "2023-03-17T14:18:10.824745", "lvl": "target", "msg": "<6>[    1.126138] pci-host-generic 3f000000.pcie: host bridge /pcie@10000000 ranges:"}
- {"dt": "2023-03-17T14:18:10.825590", "lvl": "target", "msg": "<6>[    1.126933] pci-host-generic 3f000000.pcie:       IO 0x003eff0000..0x003effffff -> 0x0000000000"}
- {"dt": "2023-03-17T14:18:10.826160", "lvl": "target", "msg": "<6>[    1.127574] pci-host-generic 3f000000.pcie:      MEM 0x0010000000..0x003efeffff -> 0x0010000000"}
- {"dt": "2023-03-17T14:18:10.826303", "lvl": "target", "msg": "<6>[    1.127777] pci-host-generic 3f000000.pcie:      MEM 0x8000000000..0xffffffffff -> 0x8000000000"}
- {"dt": "2023-03-17T14:18:10.827412", "lvl": "target", "msg": "<6>[    1.128604] pci-host-generic 3f000000.pcie: ECAM at [mem 0x3f000000-0x3fffffff] for [bus 00-0f]"}
- {"dt": "2023-03-17T14:18:10.828622", "lvl": "target", "msg": "<6>[    1.130028] pci-host-generic 3f000000.pcie: PCI host bridge to bus 0000:00"}
- {"dt": "2023-03-17T14:18:10.828957", "lvl": "target", "msg": "<6>[    1.130482] pci_bus 0000:00: root bus resource [bus 00-0f]"}
- {"dt": "2023-03-17T14:18:10.829283", "lvl": "target", "msg": "<6>[    1.130684] pci_bus 0000:00: root bus resource [io  0x0000-0xffff]"}
- {"dt": "2023-03-17T14:18:10.829395", "lvl": "target", "msg": "<6>[    1.130871] pci_bus 0000:00: root bus resource [mem 0x10000000-0x3efeffff]"}
- {"dt": "2023-03-17T14:18:10.830660", "lvl": "target", "msg": "<6>[    1.132068] pci 0000:00:00.0: [1b36:0008] type 00 class 0x060000"}
- {"dt": "2023-03-17T14:18:10.833296", "lvl": "target", "msg": "<6>[    1.134707] pci 0000:00:01.0: [1af4:1000] type 00 class 0x020000"}
- {"dt": "2023-03-17T14:18:10.833636", "lvl": "target", "msg": "<6>[    1.135074] pci 0000:00:01.0: reg 0x10: [io  0x0000-0x001f]"}
- {"dt": "2023-03-17T14:18:10.833970", "lvl": "target", "msg": "<6>[    1.135313] pci 0000:00:01.0: reg 0x20: [mem 0x00000000-0x00003fff 64bit pref]"}
- {"dt": "2023-03-17T14:18:10.834084", "lvl": "target", "msg": "<6>[    1.135552] pci 0000:00:01.0: reg 0x30: [mem 0x00000000-0x0003ffff pref]"}
- {"dt": "2023-03-17T14:18:10.834461", "lvl": "target", "msg": "<6>[    1.135997] pci 0000:00:02.0: [1af4:1001] type 00 class 0x010000"}
- {"dt": "2023-03-17T14:18:10.834646", "lvl": "target", "msg": "<6>[    1.136170] pci 0000:00:02.0: reg 0x10: [io  0x0000-0x003f]"}
- {"dt": "2023-03-17T14:18:10.834875", "lvl": "target", "msg": "<6>[    1.136366] pci 0000:00:02.0: reg 0x20: [mem 0x00000000-0x00003fff 64bit pref]"}
- {"dt": "2023-03-17T14:18:10.836242", "lvl": "target", "msg": "<6>[    1.137660] PCI: bus0: Fast back to back transfers disabled"}
- {"dt": "2023-03-17T14:18:10.837302", "lvl": "target", "msg": "<6>[    1.138715] pci 0000:00:01.0: BAR 6: assigned [mem 0x10000000-0x1003ffff pref]"}
- {"dt": "2023-03-17T14:18:10.837560", "lvl": "target", "msg": "<6>[    1.139035] pci 0000:00:01.0: BAR 4: assigned [mem 0x10040000-0x10043fff 64bit pref]"}
- {"dt": "2023-03-17T14:18:10.837894", "lvl": "target", "msg": "<6>[    1.139394] pci 0000:00:02.0: BAR 4: assigned [mem 0x10044000-0x10047fff 64bit pref]"}
- {"dt": "2023-03-17T14:18:10.838060", "lvl": "target", "msg": "<6>[    1.139573] pci 0000:00:02.0: BAR 0: assigned [io  0x1000-0x103f]"}
- {"dt": "2023-03-17T14:18:10.838270", "lvl": "target", "msg": "<6>[    1.139780] pci 0000:00:01.0: BAR 0: assigned [io  0x1040-0x105f]"}
- {"dt": "2023-03-17T14:18:10.892284", "lvl": "target", "msg": "<6>[    1.193626] virtio-pci 0000:00:01.0: enabling device (0100 -> 0103)"}
- {"dt": "2023-03-17T14:18:10.894448", "lvl": "target", "msg": "<6>[    1.195802] virtio-pci 0000:00:02.0: enabling device (0100 -> 0103)"}
- {"dt": "2023-03-17T14:18:10.983780", "lvl": "target", "msg": "<6>[    1.285143] Serial: 8250/16550 driver, 5 ports, IRQ sharing enabled"}
- {"dt": "2023-03-17T14:18:10.993243", "lvl": "target", "msg": "<6>[    1.294644] SuperH (H)SCI(F) driver initialized"}
- {"dt": "2023-03-17T14:18:10.994431", "lvl": "target", "msg": "<6>[    1.295849] msm_serial: driver initialized"}
- {"dt": "2023-03-17T14:18:10.994535", "lvl": "target", "msg": "<6>[    1.295964] STMicroelectronics ASC driver initialized"}
- {"dt": "2023-03-17T14:18:10.995740", "lvl": "target", "msg": "<6>[    1.297157] STM32 USART driver initialized"}
- {"dt": "2023-03-17T14:18:11.048174", "lvl": "target", "msg": "<6>[    1.349543] brd: module loaded"}
- {"dt": "2023-03-17T14:18:11.070504", "lvl": "target", "msg": "<6>[    1.371892] loop: module loaded"}
- {"dt": "2023-03-17T14:18:11.071401", "lvl": "target", "msg": "<6>[    1.372802] virtio_blk virtio1: 1/0/0 default/read/poll queues"}
- {"dt": "2023-03-17T14:18:11.074735", "lvl": "target", "msg": "<5>[    1.376140] virtio_blk virtio1: [vda] 1048576 512-byte logical blocks (537 MB/512 MiB)"}
- {"dt": "2023-03-17T14:18:11.074923", "lvl": "target", "msg": "<6>[    1.376446] virtio_blk virtio1: blk config size: 96"}
- {"dt": "2023-03-17T14:18:11.102049", "lvl": "target", "msg": "<5>[    1.403403] physmap-flash 0.flash: physmap platform flash device: [mem 0x00000000-0x03ffffff]"}
- {"dt": "2023-03-17T14:18:11.103213", "lvl": "target", "msg": "<6>[    1.404605] 0.flash: Found 2 x16 devices at 0x0 in 32-bit bank. Manufacturer ID 0x000000 Chip ID 0x000000"}
- {"dt": "2023-03-17T14:18:11.103591", "lvl": "target", "msg": "<6>[    1.405134] Intel/Sharp Extended Query Table at 0x0031"}
- {"dt": "2023-03-17T14:18:11.104403", "lvl": "target", "msg": "<6>[    1.405808] Using buffer write method"}
- {"dt": "2023-03-17T14:18:11.104736", "lvl": "target", "msg": "<7>[    1.406218] erase region 0: offset=0x0,size=0x40000,blocks=256"}
- {"dt": "2023-03-17T14:18:11.106401", "lvl": "target", "msg": "<5>[    1.407815] physmap-flash 0.flash: physmap platform flash device: [mem 0x04000000-0x07ffffff]"}
- {"dt": "2023-03-17T14:18:11.106876", "lvl": "target", "msg": "<6>[    1.408314] 0.flash: Found 2 x16 devices at 0x0 in 32-bit bank. Manufacturer ID 0x000000 Chip ID 0x000000"}
- {"dt": "2023-03-17T14:18:11.107027", "lvl": "target", "msg": "<6>[    1.408576] Intel/Sharp Extended Query Table at 0x0031"}
- {"dt": "2023-03-17T14:18:11.107648", "lvl": "target", "msg": "<6>[    1.409059] Using buffer write method"}
- {"dt": "2023-03-17T14:18:11.107752", "lvl": "target", "msg": "<7>[    1.409163] erase region 0: offset=0x0,size=0x40000,blocks=256"}
- {"dt": "2023-03-17T14:18:11.107862", "lvl": "target", "msg": "<5>[    1.409329] Concatenating MTD devices:"}
- {"dt": "2023-03-17T14:18:11.107972", "lvl": "target", "msg": "<5>[    1.409465] (0): \\\"0.flash\\\""}
- {"dt": "2023-03-17T14:18:11.108067", "lvl": "target", "msg": "<5>[    1.409563] (1): \\\"0.flash\\\""}
- {"dt": "2023-03-17T14:18:11.108177", "lvl": "target", "msg": "<5>[    1.409660] into device \\\"0.flash\\\""}
- {"dt": "2023-03-17T14:18:11.354979", "lvl": "target", "msg": "<6>[    1.656322] Freeing initrd memory: 7704K"}
- {"dt": "2023-03-17T14:18:11.449878", "lvl": "target", "msg": "<6>[    1.751392] CAN device driver interface"}
- {"dt": "2023-03-17T14:18:11.451305", "lvl": "target", "msg": "<6>[    1.752700] bgmac_bcma: Broadcom 47xx GBit MAC driver loaded"}
- {"dt": "2023-03-17T14:18:11.452453", "lvl": "target", "msg": "<6>[    1.753851] e1000e: Intel(R) PRO/1000 Network Driver"}
- {"dt": "2023-03-17T14:18:11.452557", "lvl": "target", "msg": "<6>[    1.753952] e1000e: Copyright(c) 1999 - 2015 Intel Corporation."}
- {"dt": "2023-03-17T14:18:11.452666", "lvl": "target", "msg": "<6>[    1.754138] igb: Intel(R) Gigabit Ethernet Network Driver"}
- {"dt": "2023-03-17T14:18:11.452776", "lvl": "target", "msg": "<6>[    1.754287] igb: Copyright (c) 2007-2014 Intel Corporation."}
- {"dt": "2023-03-17T14:18:11.456853", "lvl": "target", "msg": "<6>[    1.758266] pegasus: Pegasus/Pegasus II USB Ethernet driver"}
- {"dt": "2023-03-17T14:18:11.456974", "lvl": "target", "msg": "<6>[    1.758451] usbcore: registered new interface driver pegasus"}
- {"dt": "2023-03-17T14:18:11.457111", "lvl": "target", "msg": "<6>[    1.758654] usbcore: registered new interface driver asix"}
- {"dt": "2023-03-17T14:18:11.457347", "lvl": "target", "msg": "<6>[    1.758866] usbcore: registered new interface driver ax88179_178a"}
- {"dt": "2023-03-17T14:18:11.457580", "lvl": "target", "msg": "<6>[    1.759099] usbcore: registered new interface driver cdc_ether"}
- {"dt": "2023-03-17T14:18:11.457806", "lvl": "target", "msg": "<6>[    1.759329] usbcore: registered new interface driver smsc75xx"}
- {"dt": "2023-03-17T14:18:11.458019", "lvl": "target", "msg": "<6>[    1.759569] usbcore: registered new interface driver smsc95xx"}
- {"dt": "2023-03-17T14:18:11.458249", "lvl": "target", "msg": "<6>[    1.759773] usbcore: registered new interface driver net1080"}
- {"dt": "2023-03-17T14:18:11.458477", "lvl": "target", "msg": "<6>[    1.759999] usbcore: registered new interface driver cdc_subset"}
- {"dt": "2023-03-17T14:18:11.458909", "lvl": "target", "msg": "<6>[    1.760234] usbcore: registered new interface driver zaurus"}
- {"dt": "2023-03-17T14:18:11.459126", "lvl": "target", "msg": "<6>[    1.760634] usbcore: registered new interface driver cdc_ncm"}
- {"dt": "2023-03-17T14:18:11.463957", "lvl": "target", "msg": "<6>[    1.765365] usbcore: registered new interface driver usb-storage"}
- {"dt": "2023-03-17T14:18:11.470978", "lvl": "target", "msg": "<6>[    1.772359] rtc-pl031 9010000.pl031: registered as rtc0"}
- {"dt": "2023-03-17T14:18:11.471942", "lvl": "target", "msg": "<6>[    1.773119] rtc-pl031 9010000.pl031: setting system clock to 2023-03-17T14:18:11 UTC (1679062691)"}
- {"dt": "2023-03-17T14:18:11.473714", "lvl": "target", "msg": "<6>[    1.775125] i2c_dev: i2c /dev entries driver"}
- {"dt": "2023-03-17T14:18:11.487893", "lvl": "target", "msg": "<6>[    1.789271] sdhci: Secure Digital Host Controller Interface driver"}
- {"dt": "2023-03-17T14:18:11.488003", "lvl": "target", "msg": "<6>[    1.789402] sdhci: Copyright(c) Pierre Ossman"}
- {"dt": "2023-03-17T14:18:11.490028", "lvl": "target", "msg": "<6>[    1.791432] Synopsys Designware Multimedia Card Interface Driver"}
- {"dt": "2023-03-17T14:18:11.491662", "lvl": "target", "msg": "<6>[    1.793078] sdhci-pltfm: SDHCI platform and OF driver helper"}
- {"dt": "2023-03-17T14:18:11.494692", "lvl": "target", "msg": "<6>[    1.796103] ledtrig-cpu: registered to indicate activity on CPUs"}
- {"dt": "2023-03-17T14:18:11.496854", "lvl": "target", "msg": "<6>[    1.798268] usbcore: registered new interface driver usbhid"}
- {"dt": "2023-03-17T14:18:11.496975", "lvl": "target", "msg": "<6>[    1.798389] usbhid: USB HID core driver"}
- {"dt": "2023-03-17T14:18:11.503530", "lvl": "target", "msg": "<6>[    1.804912] NET: Registered PF_INET6 protocol family"}
- {"dt": "2023-03-17T14:18:11.508980", "lvl": "target", "msg": "<6>[    1.810198] Segment Routing with IPv6"}
- {"dt": "2023-03-17T14:18:11.509097", "lvl": "target", "msg": "<6>[    1.810385] In-situ OAM (IOAM) with IPv6"}
- {"dt": "2023-03-17T14:18:11.509430", "lvl": "target", "msg": "<6>[    1.810955] sit: IPv6, IPv4 and MPLS over IPv4 tunneling driver"}
- {"dt": "2023-03-17T14:18:11.511941", "lvl": "target", "msg": "<6>[    1.813353] NET: Registered PF_PACKET protocol family"}
- {"dt": "2023-03-17T14:18:11.512047", "lvl": "target", "msg": "<6>[    1.813481] can: controller area network core"}
- {"dt": "2023-03-17T14:18:11.512374", "lvl": "target", "msg": "<6>[    1.813914] NET: Registered PF_CAN protocol family"}
- {"dt": "2023-03-17T14:18:11.512490", "lvl": "target", "msg": "<6>[    1.814054] can: raw protocol"}
- {"dt": "2023-03-17T14:18:11.512816", "lvl": "target", "msg": "<6>[    1.814293] can: broadcast manager protocol"}
- {"dt": "2023-03-17T14:18:11.512930", "lvl": "target", "msg": "<6>[    1.814477] can: netlink gateway - max_hops=1"}
- {"dt": "2023-03-17T14:18:11.514143", "lvl": "target", "msg": "<5>[    1.815557] Key type dns_resolver registered"}
- {"dt": "2023-03-17T14:18:11.514479", "lvl": "target", "msg": "<6>[    1.815947] ThumbEE CPU extension supported."}
- {"dt": "2023-03-17T14:18:11.514595", "lvl": "target", "msg": "<5>[    1.816092] Registering SWP/SWPB emulation handler"}
- {"dt": "2023-03-17T14:18:11.527768", "lvl": "target", "msg": "<5>[    1.828991] Loading compiled-in X.509 certificates"}
- {"dt": "2023-03-17T14:18:11.546352", "lvl": "target", "msg": "<6>[    1.847430] input: gpio-keys as /devices/platform/gpio-keys/input/input0"}
- {"dt": "2023-03-17T14:18:11.556280", "lvl": "target", "msg": "<6>[    1.857664] uart-pl011 9000000.pl011: no DMA platform data"}
- {"dt": "2023-03-17T14:18:11.628544", "lvl": "target", "msg": "<6>[    1.929871] Freeing unused kernel image (initmem) memory: 2048K"}
- {"dt": "2023-03-17T14:18:11.656317", "lvl": "target", "msg": "<6>[    1.957712] Run /init as init process"}
- {"dt": "2023-03-17T14:18:11.656425", "lvl": "target", "msg": "<7>[    1.957825]   with arguments:"}
- {"dt": "2023-03-17T14:18:11.656518", "lvl": "target", "msg": "<7>[    1.957898]     /init"}
- {"dt": "2023-03-17T14:18:11.656624", "lvl": "target", "msg": "<7>[    1.957961]     verbose"}
- {"dt": "2023-03-17T14:18:11.656714", "lvl": "target", "msg": "<7>[    1.958049]   with environment:"}
- {"dt": "2023-03-17T14:18:11.656796", "lvl": "target", "msg": "<7>[    1.958160]     HOME=/"}
- {"dt": "2023-03-17T14:18:11.656892", "lvl": "target", "msg": "<7>[    1.958248]     TERM=linux"}
- {"dt": "2023-03-17T14:18:11.910240", "lvl": "target", "msg": "Starting syslogd: OK"}
- {"dt": "2023-03-17T14:18:11.948199", "lvl": "target", "msg": "Starting klogd: OK"}
- {"dt": "2023-03-17T14:18:12.122562", "lvl": "target", "msg": "Running sysctl: OK"}
- {"dt": "2023-03-17T14:18:12.165018", "lvl": "target", "msg": "Populating /dev using udev: <30>[    2.466201] udevd[66]: starting version 3.2.9"}
- {"dt": "2023-03-17T14:18:12.207661", "lvl": "target", "msg": "<27>[    2.507033] udevd[66]: specified user 'tss' unknown"}
- {"dt": "2023-03-17T14:18:12.209309", "lvl": "target", "msg": "<27>[    2.510670] udevd[66]: specified group 'tss' unknown"}
- {"dt": "2023-03-17T14:18:12.233965", "lvl": "target", "msg": "<30>[    2.535195] udevd[67]: starting eudev-3.2.9"}
- {"dt": "2023-03-17T14:18:12.778113", "lvl": "target", "msg": "<27>[    3.079412] udevd[67]: specified user 'tss' unknown"}
- {"dt": "2023-03-17T14:18:12.778907", "lvl": "target", "msg": "<27>[    3.080265] udevd[67]: specified group 'tss' unknown"}
- {"dt": "2023-03-17T14:18:17.770793", "lvl": "target", "msg": "done"}
- {"dt": "2023-03-17T14:18:17.831617", "lvl": "target", "msg": "Saving random seed: OK"}
- {"dt": "2023-03-17T14:18:17.962257", "lvl": "target", "msg": "Starting network: OK"}
- {"dt": "2023-03-17T14:18:18.083221", "lvl": "target", "msg": "Starting dropbear sshd: OK"}
- {"dt": "2023-03-17T14:18:18.120159", "lvl": "target", "msg": "/bin/sh: can't access tty; job control turned off"}
- {"dt": "2023-03-17T14:18:18.124003", "lvl": "debug", "msg": "Matched prompt #10: / #"}
- {"dt": "2023-03-17T14:18:18.124178", "lvl": "results", "msg": {"case": "kernel-messages", "definition": "lava", "duration": "8.52", "extra": {"extra": []}, "level": "2.2.1", "namespace": "common", "result": "pass"}}
- {"dt": "2023-03-17T14:18:18.124452", "lvl": "debug", "msg": "Setting prompt string to ['/ #']"}
- {"dt": "2023-03-17T14:18:18.124629", "lvl": "debug", "msg": "end: 2.2.1 login-action (duration 00:00:09) [common]"}
- {"dt": "2023-03-17T14:18:18.124767", "lvl": "results", "msg": {"case": "login-action", "definition": "lava", "duration": "8.52", "extra": {"success": "No kernel warnings or errors detected."}, "level": "2.2.1", "namespace": "common", "result": "pass"}}
- {"dt": "2023-03-17T14:18:18.125044", "lvl": "debug", "msg": "end: 2.2 auto-login-action (duration 00:00:09) [common]"}
- {"dt": "2023-03-17T14:18:18.125213", "lvl": "debug", "msg": "start: 2.3 expect-shell-connection (timeout 00:04:51) [common]"}
- {"dt": "2023-03-17T14:18:18.125355", "lvl": "debug", "msg": "Setting prompt string to ['/ #']"}
- {"dt": "2023-03-17T14:18:18.125478", "lvl": "debug", "msg": "Forcing a shell prompt, looking for ['/ #']"}
- {"dt": "2023-03-17T14:18:18.125606", "lvl": "input", "msg": "\n"}
- {"dt": "2023-03-17T14:18:18.176045", "lvl": "target", "msg": "/ # "}
- {"dt": "2023-03-17T14:18:18.176284", "lvl": "debug", "msg": "expect-shell-connection: Wait for prompt ['/ #'] (timeout 00:05:00)"}
- {"dt": "2023-03-17T14:18:18.176437", "lvl": "debug", "msg": "Waiting using forced prompt support (timeout 00:02:30)"}
- {"dt": "2023-03-17T14:18:18.179010", "lvl": "target", "msg": ""}
- {"dt": "2023-03-17T14:18:18.180271", "lvl": "debug", "msg": "end: 2.3 expect-shell-connection (duration 00:00:00) [common]"}
- {"dt": "2023-03-17T14:18:18.180450", "lvl": "debug", "msg": "start: 2.4 export-device-env (timeout 00:04:51) [common]"}
- {"dt": "2023-03-17T14:18:18.180620", "lvl": "debug", "msg": "end: 2.4 export-device-env (duration 00:00:00) [common]"}
- {"dt": "2023-03-17T14:18:18.180783", "lvl": "info", "msg": "end: 2 boot-image-retry (duration 00:00:09) [common]"}
- {"dt": "2023-03-17T14:18:18.180942", "lvl": "info", "msg": "start: 3 lava-test-retry (timeout 00:01:00) [common]"}
- {"dt": "2023-03-17T14:18:18.181106", "lvl": "debug", "msg": "start: 3.1 lava-test-shell (timeout 00:01:00) [common]"}
- {"dt": "2023-03-17T14:18:18.181245", "lvl": "debug", "msg": "Using namespace: common"}
- {"dt": "2023-03-17T14:18:18.181380", "lvl": "input", "msg": "#\n"}
- {"dt": "2023-03-17T14:18:18.282071", "lvl": "target", "msg": "/ # #"}
- {"dt": "2023-03-17T14:18:18.282288", "lvl": "debug", "msg": "lava-test-shell: Wait for prompt ['/ #'] (timeout 00:01:00)"}
- {"dt": "2023-03-17T14:18:18.282768", "lvl": "target", "msg": "#"}
- {"dt": "2023-03-17T14:18:18.284811", "lvl": "input", "msg": "mkdir /lava-179403\n"}
- {"dt": "2023-03-17T14:18:18.385542", "lvl": "target", "msg": "/ # mkdir /lava-179403"}
- {"dt": "2023-03-17T14:18:18.386253", "lvl": "target", "msg": "mkdir /lava-179403"}
- {"dt": "2023-03-17T14:18:18.406633", "lvl": "input", "msg": "mount /dev/disk/by-uuid/6e1d6c03-f5ac-4de6-8325-289cbbc425d4 -t ext2 /lava-179403\n"}
- {"dt": "2023-03-17T14:18:18.507459", "lvl": "target", "msg": "/ # mount /dev/disk/by-uuid/6e1d6c03-f5ac-4de6-8325-289cbbc425d4 -t ext2 /lava-179403"}
- {"dt": "2023-03-17T14:18:18.507852", "lvl": "target", "msg": "mount /dev/disk/by-uuid/6e1d6c03-f5ac-4de6-8325-289cbbc425d4 -t ext2 /lava-1"}
- {"dt": "2023-03-17T14:18:18.508217", "lvl": "target", "msg": "79403"}
- {"dt": "2023-03-17T14:18:18.539269", "lvl": "target", "msg": "<6>[    8.840582] EXT4-fs (vda): mounting ext2 file system using the ext4 subsystem"}
- {"dt": "2023-03-17T14:18:18.587084", "lvl": "target", "msg": "<6>[    8.888085] EXT4-fs (vda): mounted filesystem 6e1d6c03-f5ac-4de6-8325-289cbbc425d4 without journal. Quota mode: disabled."}
- {"dt": "2023-03-17T14:18:18.590330", "lvl": "input", "msg": "ls -la /lava-179403/bin/lava-test-runner\n"}
- {"dt": "2023-03-17T14:18:18.691116", "lvl": "target", "msg": "/ # ls -la /lava-179403/bin/lava-test-runner"}
- {"dt": "2023-03-17T14:18:18.692118", "lvl": "target", "msg": "ls -la /lava-179403/bin/lava-test-runner"}
- {"dt": "2023-03-17T14:18:18.724910", "lvl": "target", "msg": "-rwxr-xr-x    1 root     root          1039 Mar 17 14:17 [1;32m/lava-179403/bin/lava-test-runner[m"}
- {"dt": "2023-03-17T14:18:18.728012", "lvl": "debug", "msg": "Using /lava-179403"}
- {"dt": "2023-03-17T14:18:18.728158", "lvl": "input", "msg": "export SHELL=/bin/sh\n"}
- {"dt": "2023-03-17T14:18:18.828910", "lvl": "target", "msg": "/ # export SHELL=/bin/sh"}
- {"dt": "2023-03-17T14:18:18.829693", "lvl": "target", "msg": "export SHELL=/bin/sh"}
- {"dt": "2023-03-17T14:18:18.832030", "lvl": "input", "msg": ". /lava-179403/environment\n"}
- {"dt": "2023-03-17T14:18:18.932741", "lvl": "target", "msg": "/ # . /lava-179403/environment"}
- {"dt": "2023-03-17T14:18:18.933617", "lvl": "target", "msg": ". /lava-179403/environment"}
- {"dt": "2023-03-17T14:18:18.945693", "lvl": "input", "msg": "/lava-179403/bin/lava-test-runner /lava-179403/0\n"}
- {"dt": "2023-03-17T14:18:19.046407", "lvl": "target", "msg": "/ # /lava-179403/bin/lava-test-runner /lava-179403/0"}
- {"dt": "2023-03-17T14:18:19.046648", "lvl": "info", "msg": "Test shell timeout: 10s (minimum of the action and connection timeout)"}
- {"dt": "2023-03-17T14:18:19.047322", "lvl": "target", "msg": "/lava-179403/bin/lava-test-runner /lava-179403/0"}
- {"dt": "2023-03-17T14:18:19.233255", "lvl": "target", "msg": "+ export 'TESTRUN_ID=0_dmesg'"}
- {"dt": "2023-03-17T14:18:19.233778", "lvl": "target", "msg": "+ cd /lava-179403/0/tests/0_dmesg"}
- {"dt": "2023-03-17T14:18:19.236626", "lvl": "target", "msg": "+ cat uuid"}
- {"dt": "2023-03-17T14:18:19.246072", "lvl": "target", "msg": "+ UUID=179403_1.1.3.1"}
- {"dt": "2023-03-17T14:18:19.246439", "lvl": "target", "msg": "+ set +x"}
- {"dt": "2023-03-17T14:18:19.247291", "lvl": "target", "msg": "<8>[    9.548636] <LAVA_SIGNAL_STARTRUN 0_dmesg 179403_1.1.3.1>"}
- {"dt": "2023-03-17T14:18:19.247628", "lvl": "debug", "msg": "Received signal: <STARTRUN> 0_dmesg 179403_1.1.3.1"}
- {"dt": "2023-03-17T14:18:19.247778", "lvl": "info", "msg": "Starting test lava.0_dmesg (179403_1.1.3.1)"}
- {"dt": "2023-03-17T14:18:19.247943", "lvl": "info", "msg": "Skipping test definition patterns."}
- {"dt": "2023-03-17T14:18:19.248144", "lvl": "target", "msg": "+ KERNELCI_LAVA=y /bin/sh /opt/kernelci/dmesg.sh"}
- {"dt": "2023-03-17T14:18:19.344302", "lvl": "target", "msg": "<8>[    9.645608] <LAVA_SIGNAL_TESTCASE TEST_CASE_ID=crit RESULT=pass UNITS=lines MEASUREMENT=0>"}
- {"dt": "2023-03-17T14:18:19.344772", "lvl": "debug", "msg": "Received signal: <TESTCASE> TEST_CASE_ID=crit RESULT=pass UNITS=lines MEASUREMENT=0"}
- {"dt": "2023-03-17T14:18:19.344997", "lvl": "results", "msg": {"case": "crit", "definition": "0_dmesg", "endtc": ! "490", "measurement": ! "0.0", "result": "pass", "starttc": ! "490", "units": "lines"}}
- {"dt": "2023-03-17T14:18:19.422841", "lvl": "target", "msg": "<8>[    9.724157] <LAVA_SIGNAL_TESTCASE TEST_CASE_ID=alert RESULT=pass UNITS=lines MEASUREMENT=0>"}
- {"dt": "2023-03-17T14:18:19.423293", "lvl": "debug", "msg": "Received signal: <TESTCASE> TEST_CASE_ID=alert RESULT=pass UNITS=lines MEASUREMENT=0"}
- {"dt": "2023-03-17T14:18:19.423470", "lvl": "results", "msg": {"case": "alert", "definition": "0_dmesg", "endtc": ! "493", "measurement": ! "0.0", "result": "pass", "starttc": ! "493", "units": "lines"}}
- {"dt": "2023-03-17T14:18:19.499587", "lvl": "target", "msg": "<8>[    9.800906] <LAVA_SIGNAL_TESTCASE TEST_CASE_ID=emerg RESULT=pass UNITS=lines MEASUREMENT=0>"}
- {"dt": "2023-03-17T14:18:19.500034", "lvl": "debug", "msg": "Received signal: <TESTCASE> TEST_CASE_ID=emerg RESULT=pass UNITS=lines MEASUREMENT=0"}
- {"dt": "2023-03-17T14:18:19.500209", "lvl": "results", "msg": {"case": "emerg", "definition": "0_dmesg", "endtc": ! "496", "measurement": ! "0.0", "result": "pass", "starttc": ! "496", "units": "lines"}}
- {"dt": "2023-03-17T14:18:19.501798", "lvl": "target", "msg": "+ set +x"}
- {"dt": "2023-03-17T14:18:19.502378", "lvl": "target", "msg": "<8>[    9.803823] <LAVA_SIGNAL_ENDRUN 0_dmesg 179403_1.1.3.1>"}
- {"dt": "2023-03-17T14:18:19.502697", "lvl": "debug", "msg": "Received signal: <ENDRUN> 0_dmesg 179403_1.1.3.1"}
- {"dt": "2023-03-17T14:18:19.502842", "lvl": "info", "msg": "Ending use of test pattern."}
- {"dt": "2023-03-17T14:18:19.502964", "lvl": "info", "msg": "Ending test lava.0_dmesg (179403_1.1.3.1), duration 0.26"}
- {"dt": "2023-03-17T14:18:19.503156", "lvl": "results", "msg": {"case": "0_dmesg", "definition": "lava", "duration": "0.26", "namespace": "common", "path": "inline/dmesg.yaml", "repository": {"metadata": {"description": "baseline test plan", "environment": ["lava-test-shell"], "format": "Lava-Test Test Definition 1.0", "name": "baseline", "os": ["debian"], "scope": ["functional"]}, "run": {"steps": ["KERNELCI_LAVA=y /bin/sh /opt/kernelci/dmesg.sh"]}}, "result": "pass", "revision": "unspecified", "uuid": "179403_1.1.3.1"}}
- {"dt": "2023-03-17T14:18:19.505156", "lvl": "target", "msg": "<LAVA_TEST_RUNNER EXIT>"}
- {"dt": "2023-03-17T14:18:19.505476", "lvl": "info", "msg": "ok: lava_test_shell seems to have completed"}
- {"dt": "2023-03-17T14:18:19.505748", "lvl": "debug", "msg": "alert: pass\ncrit: pass\nemerg: pass\n"}
- {"dt": "2023-03-17T14:18:19.505952", "lvl": "debug", "msg": "end: 3.1 lava-test-shell (duration 00:00:01) [common]"}
- {"dt": "2023-03-17T14:18:19.506116", "lvl": "info", "msg": "end: 3 lava-test-retry (duration 00:00:01) [common]"}
- {"dt": "2023-03-17T14:18:19.506282", "lvl": "info", "msg": "start: 4 lava-test-retry (timeout 00:01:00) [common]"}
- {"dt": "2023-03-17T14:18:19.506440", "lvl": "debug", "msg": "start: 4.1 lava-test-shell (timeout 00:01:00) [common]"}
- {"dt": "2023-03-17T14:18:19.506570", "lvl": "debug", "msg": "Using namespace: common"}
- {"dt": "2023-03-17T14:18:19.506709", "lvl": "input", "msg": "#\n"}
- {"dt": "2023-03-17T14:18:19.607432", "lvl": "target", "msg": "#"}
- {"dt": "2023-03-17T14:18:19.607720", "lvl": "debug", "msg": "lava-test-shell: Wait for prompt ['/ #'] (timeout 00:01:00)"}
- {"dt": "2023-03-17T14:18:19.608200", "lvl": "input", "msg": "mkdir /lava-179403\n"}
- {"dt": "2023-03-17T14:18:19.708960", "lvl": "target", "msg": "/ # #mkdir /lava-179403"}
- {"dt": "2023-03-17T14:18:19.709325", "lvl": "target", "msg": ""}
- {"dt": "2023-03-17T14:18:19.709667", "lvl": "input", "msg": "mount /dev/disk/by-uuid/6e1d6c03-f5ac-4de6-8325-289cbbc425d4 -t ext2 /lava-179403\n"}
- {"dt": "2023-03-17T14:18:19.810430", "lvl": "target", "msg": "/ # mkdir /lava-179403mount /dev/disk/by-uuid/6e1d6c03-f5ac-4de6-8325-289cbbc425d4 -t ext2 /lava-179403"}
- {"dt": "2023-03-17T14:18:19.810797", "lvl": "target", "msg": ""}
- {"dt": "2023-03-17T14:18:19.810952", "lvl": "target", "msg": "mkdir: can't create directory '/lava-179403': File exists"}
- {"dt": "2023-03-17T14:18:19.811087", "lvl": "target", "msg": "/ # mount /dev/disk/by-uuid/6e1d6c03-f5ac-4de6-8325-289cbbc425d4 -t ext2 /lava-1"}
- {"dt": "2023-03-17T14:18:19.811413", "lvl": "input", "msg": "ls -la /lava-179403/bin/lava-test-runner\n"}
- {"dt": "2023-03-17T14:18:19.912039", "lvl": "target", "msg": "79403ls -la /lava-179403/bin/lava-test-runner"}
- {"dt": "2023-03-17T14:18:19.912398", "lvl": "target", "msg": ""}
- {"dt": "2023-03-17T14:18:19.912500", "lvl": "target", "msg": "mount: mounting /dev/disk/by-uuid/6e1d6c03-f5ac-4de6-8325-289cbbc425d4 on /lava-179403 failed: Device or resource busy"}
- {"dt": "2023-03-17T14:18:19.912769", "lvl": "debug", "msg": "Using /lava-179403"}
- {"dt": "2023-03-17T14:18:19.912886", "lvl": "input", "msg": "export SHELL=/bin/sh\n"}
- {"dt": "2023-03-17T14:18:20.013588", "lvl": "target", "msg": "/ # ls -la /lava-179403/bin/lava-test-runnerexport SHELL=/bin/sh"}
- {"dt": "2023-03-17T14:18:20.013909", "lvl": "target", "msg": ""}
- {"dt": "2023-03-17T14:18:20.013997", "lvl": "target", "msg": "-rwxr-xr-x    1 root     root          1039 Mar 17 14:17 [1;32m/lava-179403/bin/lava-test-runner[m"}
- {"dt": "2023-03-17T14:18:20.014242", "lvl": "input", "msg": ". /lava-179403/environment\n"}
- {"dt": "2023-03-17T14:18:20.114903", "lvl": "target", "msg": "/ # export SHELL=/bin/sh. /lava-179403/environment"}
- {"dt": "2023-03-17T14:18:20.115276", "lvl": "target", "msg": ""}
- {"dt": "2023-03-17T14:18:20.115625", "lvl": "input", "msg": "/lava-179403/bin/lava-test-runner /lava-179403/1\n"}
- {"dt": "2023-03-17T14:18:20.216359", "lvl": "target", "msg": "/ # . /lava-179403/environment/lava-179403/bin/lava-test-runner /lava-179403/1"}
- {"dt": "2023-03-17T14:18:20.216633", "lvl": "info", "msg": "Test shell timeout: 10s (minimum of the action and connection timeout)"}
- {"dt": "2023-03-17T14:18:20.216852", "lvl": "target", "msg": ""}
- {"dt": "2023-03-17T14:18:20.217182", "lvl": "target", "msg": "/ # /lava-179403/bin/lava-test-runner /lava-179403/1"}
- {"dt": "2023-03-17T14:18:20.382371", "lvl": "target", "msg": "+ export 'TESTRUN_ID=1_bootrr'"}
- {"dt": "2023-03-17T14:18:20.382875", "lvl": "target", "msg": "+ cd /lava-179403/1/tests/1_bootrr"}
- {"dt": "2023-03-17T14:18:20.385525", "lvl": "target", "msg": "+ cat uuid"}
- {"dt": "2023-03-17T14:18:20.396945", "lvl": "target", "msg": "+ UUID=179403_1.1.3.5"}
- {"dt": "2023-03-17T14:18:20.398199", "lvl": "target", "msg": "+ set +x"}
- {"dt": "2023-03-17T14:18:20.399629", "lvl": "target", "msg": "<8>[   10.701020] <LAVA_SIGNAL_STARTRUN 1_bootrr 179403_1.1.3.5>"}
- {"dt": "2023-03-17T14:18:20.399969", "lvl": "debug", "msg": "Received signal: <STARTRUN> 1_bootrr 179403_1.1.3.5"}
- {"dt": "2023-03-17T14:18:20.400079", "lvl": "info", "msg": "Starting test lava.1_bootrr (179403_1.1.3.5)"}
- {"dt": "2023-03-17T14:18:20.400208", "lvl": "info", "msg": "Skipping test definition patterns."}
- {"dt": "2023-03-17T14:18:20.400752", "lvl": "target", "msg": "+ export 'PATH=/opt/bootrr/libexec/bootrr/helpers:/lava-179403/1/../bin:/sbin:/usr/sbin:/bin:/usr/bin'"}
- {"dt": "2023-03-17T14:18:20.401413", "lvl": "target", "msg": "+ cd /opt/bootrr"}
- {"dt": "2023-03-17T14:18:20.402093", "lvl": "target", "msg": "+ sh libexec/bootrr/helpers/bootrr-auto"}
- {"dt": "2023-03-17T14:18:20.419403", "lvl": "target", "msg": "libexec/bootrr/helpers/bootrr-auto: line 3: /opt/bootrr/helpers/bootrr-generic-tests: not found"}
- {"dt": "2023-03-17T14:18:20.437117", "lvl": "target", "msg": "+ set +x"}
- {"dt": "2023-03-17T14:18:20.437547", "lvl": "target", "msg": "<8>[   10.739083] <LAVA_SIGNAL_ENDRUN 1_bootrr 179403_1.1.3.5>"}
- {"dt": "2023-03-17T14:18:20.437808", "lvl": "debug", "msg": "Received signal: <ENDRUN> 1_bootrr 179403_1.1.3.5"}
- {"dt": "2023-03-17T14:18:20.437895", "lvl": "info", "msg": "Ending use of test pattern."}
- {"dt": "2023-03-17T14:18:20.437962", "lvl": "info", "msg": "Ending test lava.1_bootrr (179403_1.1.3.5), duration 0.04"}
- {"dt": "2023-03-17T14:18:20.438072", "lvl": "results", "msg": {"case": "1_bootrr", "definition": "lava", "duration": "0.04", "namespace": "common", "path": "inline/bootrr.yaml", "repository": {"metadata": {"description": "baseline test plan", "environment": ["lava-test-shell"], "format": "Lava-Test Test Definition 1.0", "name": "baseline", "os": ["debian"], "scope": ["functional"]}, "run": {"steps": ["export PATH=/opt/bootrr/libexec/bootrr/helpers:$PATH", "cd /opt/bootrr && sh libexec/bootrr/helpers/bootrr-auto"]}}, "result": "pass", "revision": "unspecified", "uuid": "179403_1.1.3.5"}}
- {"dt": "2023-03-17T14:18:20.440754", "lvl": "target", "msg": "<LAVA_TEST_RUNNER EXIT>"}
- {"dt": "2023-03-17T14:18:20.441007", "lvl": "info", "msg": "ok: lava_test_shell seems to have completed"}
- {"dt": "2023-03-17T14:18:20.441114", "lvl": "debug", "msg": "end: 4.1 lava-test-shell (duration 00:00:01) [common]"}
- {"dt": "2023-03-17T14:18:20.441203", "lvl": "info", "msg": "end: 4 lava-test-retry (duration 00:00:01) [common]"}
- {"dt": "2023-03-17T14:18:20.441297", "lvl": "info", "msg": "start: 5 finalize (timeout 00:09:36) [common]"}
- {"dt": "2023-03-17T14:18:20.441397", "lvl": "debug", "msg": "start: 5.1 power-off (timeout 00:00:30) [common]"}
- {"dt": "2023-03-17T14:18:20.441486", "lvl": "debug", "msg": "end: 5.1 power-off (duration 00:00:00) [common]"}
- {"dt": "2023-03-17T14:18:20.441569", "lvl": "debug", "msg": "start: 5.2 read-feedback (timeout 00:09:36) [common]"}
- {"dt": "2023-03-17T14:18:20.441749", "lvl": "debug", "msg": "Listened to connection for namespace 'common' for up to 1s"}
- {"dt": "2023-03-17T14:18:20.442241", "lvl": "debug", "msg": "Listened to connection for namespace 'common' for up to 1s"}
- {"dt": "2023-03-17T14:18:21.446845", "lvl": "info", "msg": "Finalising connection for namespace 'common'"}
- {"dt": "2023-03-17T14:18:21.447136", "lvl": "input", "msg": "poweroff\n"}
- {"dt": "2023-03-17T14:18:21.547882", "lvl": "target", "msg": "/ # poweroff"}
- {"dt": "2023-03-17T14:18:21.548362", "lvl": "debug", "msg": "Already disconnected"}
- {"dt": "2023-03-17T14:18:21.548514", "lvl": "target", "msg": "poweroff"}
- {"dt": "2023-03-17T14:18:21.649359", "lvl": "debug", "msg": "end: 5.2 read-feedback (duration 00:00:01) [common]"}
- {"dt": "2023-03-17T14:18:21.649641", "lvl": "debug", "msg": "Already disconnected"}
- {"dt": "2023-03-17T14:18:21.649820", "lvl": "info", "msg": "end: 5 finalize (duration 00:00:01) [common]"}
- {"dt": "2023-03-17T14:18:21.650003", "lvl": "info", "msg": "Cleaning after the job"}
- {"dt": "2023-03-17T14:18:21.650204", "lvl": "debug", "msg": "Cleaning up download directory: /var/lib/lava/dispatcher/tmp/179403/deployimages-5qwn61op/kernel"}
- {"dt": "2023-03-17T14:18:21.652406", "lvl": "debug", "msg": "Cleaning up download directory: /var/lib/lava/dispatcher/tmp/179403/deployimages-5qwn61op/ramdisk"}
- {"dt": "2023-03-17T14:18:21.654044", "lvl": "info", "msg": "Root tmp directory removed at /var/lib/lava/dispatcher/tmp/179403"}
- {"dt": "2023-03-17T14:18:21.655957", "lvl": "info", "msg": "Job finished correctly"}
- {"dt": "2023-03-17T14:18:21.656109", "lvl": "results", "msg": {"case": "job", "definition": "lava", "result": "pass"}}
